<html>
<body>
<pre>
<h1>礦ision Build Log</h1>
<h2>Tool Versions:</h2>
IDE-Version: μVision V5.14.0.0
Copyright (C) 2015 ARM Ltd and ARM Germany GmbH. All rights reserved.
License Information: hyq19921011 User, Microsoft, LIC=14HEV-PVI1Y-FU24P-M9GNX-X6RJK-7KQB1
 
Tool Versions:
Toolchain:       MDK-ARM Standard  Version: 5.14.0.0
Toolchain Path:  C:\Keil\ARM\ARMCC\Bin
C Compiler:      Armcc.exe V5.05 update 1 (build 106)
Assembler:       Armasm.exe V5.05 update 1 (build 106)
Linker/Locator:  ArmLink.exe V5.05 update 1 (build 106)
Library Manager: ArmAr.exe V5.05 update 1 (build 106)
Hex Converter:   FromElf.exe V5.05 update 1 (build 106)
CPU DLL:         SARMCM3.DLL V5.14.0.0
Dialog DLL:      DCM.DLL V1.13.1.0
Target DLL:      STLink\ST-LINKIII-KEIL_SWO.dll V2.0.14.0_KEIL
Dialog DLL:      TCM.DLL V1.14.4.0
 
<h2>Project:</h2>
E:\重要文件\STM32F4\示波器\我的示波器\STM32F407_DISCOVERY_UCGUI(3.98)\Project\Project.uvprojx
Project File Date:  06/13/2015

<h2>Output:</h2>
Build target 'SY-STM32F407 V2.0'
compiling scope.c...
..\Hardware\scope\scope.h(65): warning:  #1295-D: Deprecated declaration Get_Signal - give arg types
  extern void Get_Signal();
..\Hardware\scope\scope.h(66): warning:  #1295-D: Deprecated declaration Clculate_Signal - give arg types
  extern void Clculate_Signal();
..\Hardware\scope\scope.h(67): warning:  #1295-D: Deprecated declaration Updata_signal - give arg types
  extern void Updata_signal();
..\Hardware\scope\scope.h(68): warning:  #1-D: last line of file ends without a newline
  #endif
..\Hardware\scope\scope.h(65): warning:  #1295-D: Deprecated declaration Get_Signal - give arg types
  extern void Get_Signal();
..\Hardware\scope\scope.h(66): warning:  #1295-D: Deprecated declaration Clculate_Signal - give arg types
  extern void Clculate_Signal();
..\Hardware\scope\scope.h(67): warning:  #1295-D: Deprecated declaration Updata_signal - give arg types
  extern void Updata_signal();
..\Hardware\scope\scope.h(68): warning:  #1-D: last line of file ends without a newline
  #endif
..\Hardware\lcd\TFTlcd.h(95): warning:  #9-D: nested comment is not allowed
  /***************************************************************
..\Hardware\lcd\TFTlcd.h(257): warning:  #1295-D: Deprecated declaration LCD_brush_screen - give arg types
  void LCD_brush_screen();//刷屏色测试
..\Hardware\Time3_PWM\pwm.h(7): warning:  #1295-D: Deprecated declaration TIM3_init - give arg types
  extern void TIM3_init();
..\Hardware\Time3_PWM\pwm.h(10): warning:  #1-D: last line of file ends without a newline
  #endif
..\Third_Party\GUI\sample\button_text.h(6): warning:  #1-D: last line of file ends without a newline
  #endif
..\User\main.h(31): warning:  #1-D: last line of file ends without a newline
  /***end***/
..\Hardware\scope\scop_menu.h(59): warning:  #1295-D: Deprecated declaration MEUN_CREAT - give arg types
  extern void MEUN_CREAT();
..\Hardware\scope\scop_menu.h(60): warning:  #1-D: last line of file ends without a newline
  #endif
..\Hardware\scope\scope.c(302): warning:  #177-D: variable "hSlider1" was declared but never referenced
      WM_HWIN hButton, hSlider1;
..\Hardware\scope\scope.c(384): warning:  #177-D: variable "hRadio" was declared but never referenced
        WM_HWIN hRadio;
..\Hardware\scope\scope.c(424): warning:  #167-D: argument of type "const u8 *" is incompatible with parameter of type "const char *"
        TEXT_SetText(hText1,Item_V[V_Shousuo]);
..\Hardware\scope\scope.c(403): warning:  #177-D: variable "Timstr" was declared but never referenced
          char Timstr[8],Volstr[8];
..\Hardware\scope\scope.c(403): warning:  #177-D: variable "Volstr" was declared but never referenced
          char Timstr[8],Volstr[8];
..\Hardware\scope\scope.c(436): warning:  #177-D: variable "radio_value" was declared but never referenced
        char radio_value = 0;
..\Hardware\scope\scope.c(559): warning:  #186-D: pointless comparison of unsigned integer with zero
                if(CurTRIPos < 0) CurTRIPos = 0;
..\Hardware\scope\scope.c(629): warning:  #1-D: last line of file ends without a newline
  }
..\Hardware\scope\scope.c(621): warning:  #177-D: variable "i" was declared but never referenced
                int i = 0;
..\Hardware\scope\scope.c(622): warning:  #177-D: variable "j" was declared but never referenced
        static int j = 0;
..\Hardware\scope\scope.c: 26 warnings, 0 errors
linking...
Program Size: Code=94102 RO-data=400814 RW-data=1024 ZI-data=113888  
"..\Output\Project.axf" - 0 Error(s), 26 Warning(s).

<h2>Collection of Component include folders:</h2>
  E:\重要文件\STM32F4\示波器\我的示波器\STM32F407_DISCOVERY_UCGUI(3.98)\Project\RTE
  C:\Keil\ARM\PACK\Keil\STM32F4xx_DFP\1.0.8\Device\Include

<h2>Collection of Component Files used:</h2>
</pre>
</body>
</html>
